[factory.w3itexperts.com/xhtml/index.html]
[backblue.gif]
[fade.gif]
[index.html]
[s3.ap-south-1.amazonaws.com/tm-html/factory/xhtml/images/favicon.png]
[s3.ap-south-1.amazonaws.com/tm-html/factory/xhtml/images/logo.png]
[factory.w3itexperts.com/xhtml/index-2.html]
[s3.ap-south-1.amazonaws.com/tm-html/factory/xhtml/images/logo-light.png]
[factory.w3itexperts.com/xhtml/index-3.html]
[factory.w3itexperts.com/xhtml/index-4.html]
[factory.w3itexperts.com/xhtml/index-5.html]
[factory.w3itexperts.com/xhtml/index-6.html]
[factory.w3itexperts.com/xhtml/index-7.html]
[factory.w3itexperts.com/xhtml/header-style-1.html]
[factory.w3itexperts.com/xhtml/header-style-2.html]
[factory.w3itexperts.com/xhtml/header-style-3.html]
[factory.w3itexperts.com/xhtml/header-style-4.html]
[factory.w3itexperts.com/xhtml/header-style-5.html]
[factory.w3itexperts.com/xhtml/header-style-6.html]
[factory.w3itexperts.com/xhtml/header-style-1-dark.html]
[factory.w3itexperts.com/xhtml/header-style-2-dark.html]
[factory.w3itexperts.com/xhtml/header-style-3-dark.html]
[factory.w3itexperts.com/xhtml/header-style-4-dark.html]
[factory.w3itexperts.com/xhtml/header-style-5-dark.html]
[factory.w3itexperts.com/xhtml/header-style-6-dark.html]
[factory.w3itexperts.com/xhtml/footer-1.html]
[factory.w3itexperts.com/xhtml/footer-2.html]
[factory.w3itexperts.com/xhtml/footer-3.html]
[factory.w3itexperts.com/xhtml/footer-4.html]
[factory.w3itexperts.com/xhtml/footer-5.html]
[factory.w3itexperts.com/xhtml/footer-6.html]
[factory.w3itexperts.com/xhtml/footer-7.html]
[factory.w3itexperts.com/xhtml/footer-8.html]
[factory.w3itexperts.com/xhtml/footer-9.html]
[factory.w3itexperts.com/xhtml/footer-10.html]
[factory.w3itexperts.com/xhtml/about-1.html]
[factory.w3itexperts.com/xhtml/about-2.html]
[factory.w3itexperts.com/xhtml/faq-1.html]
[factory.w3itexperts.com/xhtml/faq-2.html]
[factory.w3itexperts.com/xhtml/services-1.html]
[factory.w3itexperts.com/xhtml/services-2.html]
[factory.w3itexperts.com/xhtml/services-3.html]
[factory.w3itexperts.com/xhtml/portfolio-1.html]
[factory.w3itexperts.com/xhtml/portfolio-2.html]
[factory.w3itexperts.com/xhtml/portfolio-3.html]
[factory.w3itexperts.com/xhtml/portfolio-details.html]
[factory.w3itexperts.com/xhtml/full-page-gallery-dark.html]
[factory.w3itexperts.com/xhtml/full-page-gallery-light.html]
[factory.w3itexperts.com/xhtml/gallery-grid-2.html]
[factory.w3itexperts.com/xhtml/gallery-grid-3.html]
[factory.w3itexperts.com/xhtml/gallery-grid-4.html]
[factory.w3itexperts.com/xhtml/error-403.html]
[factory.w3itexperts.com/xhtml/error-404.html]
[factory.w3itexperts.com/xhtml/error-405.html]
[factory.w3itexperts.com/xhtml/coming-soon-1.html]
[factory.w3itexperts.com/xhtml/coming-soon-2.html]
[factory.w3itexperts.com/xhtml/login-1.html]
[factory.w3itexperts.com/xhtml/login-2.html]
[factory.w3itexperts.com/xhtml/career.html]
[factory.w3itexperts.com/xhtml/who-we-are.html]
[factory.w3itexperts.com/xhtml/help.html]
[factory.w3itexperts.com/xhtml/privacy-policy.html]
[factory.w3itexperts.com/xhtml/product.html]
[factory.w3itexperts.com/xhtml/product-details.html]
[factory.w3itexperts.com/xhtml/blog-half-img.html]
[factory.w3itexperts.com/xhtml/blog-half-img-sidebar.html]
[factory.w3itexperts.com/xhtml/blog-half-img-left-sidebar.html]
[factory.w3itexperts.com/xhtml/blog-large-img.html]
[factory.w3itexperts.com/xhtml/blog-large-img-sidebar.html]
[factory.w3itexperts.com/xhtml/blog-large-img-left-sidebar.html]
[factory.w3itexperts.com/xhtml/blog-grid-2.html]
[factory.w3itexperts.com/xhtml/blog-grid-2-sidebar.html]
[factory.w3itexperts.com/xhtml/blog-grid-2-sidebar-left.html]
[factory.w3itexperts.com/xhtml/blog-grid-3.html]
[factory.w3itexperts.com/xhtml/blog-grid-3-sidebar.html]
[factory.w3itexperts.com/xhtml/blog-grid-3-sidebar-left.html]
[factory.w3itexperts.com/xhtml/blog-grid-4.html]
[factory.w3itexperts.com/xhtml/blog-single.html]
[factory.w3itexperts.com/xhtml/blog-single-sidebar.html]
[factory.w3itexperts.com/xhtml/blog-single-left-sidebar.html]
[factory.w3itexperts.com/xhtml/blog-full-grid-dark-style-1.html]
[factory.w3itexperts.com/xhtml/blog-full-grid-dark-style-2.html]
[factory.w3itexperts.com/xhtml/blog-full-grid-dark-style-3.html]
[factory.w3itexperts.com/xhtml/blog-full-grid-light-style-1.html]
[factory.w3itexperts.com/xhtml/blog-full-grid-light-style-2.html]
[factory.w3itexperts.com/xhtml/blog-full-grid-light-style-3.html]
[factory.w3itexperts.com/xhtml/shortcode-buttons.html]
[factory.w3itexperts.com/xhtml/shortcode-icon-box-styles.html]
[factory.w3itexperts.com/xhtml/shortcode-pricing-table.html]
[factory.w3itexperts.com/xhtml/shortcode-toggles.html]
[factory.w3itexperts.com/xhtml/shortcode-team.html]
[factory.w3itexperts.com/xhtml/shortcode-carousel-sliders.html]
[factory.w3itexperts.com/xhtml/shortcode-image-box-content.html]
[factory.w3itexperts.com/xhtml/shortcode-tabs.html]
[factory.w3itexperts.com/xhtml/shortcode-counters.html]
[factory.w3itexperts.com/xhtml/shortcode-all-widgets.html]
[factory.w3itexperts.com/xhtml/shortcode-accordians.html]
[factory.w3itexperts.com/xhtml/shortcode-dividers.html]
[factory.w3itexperts.com/xhtml/shortcode-images-effects.html]
[factory.w3itexperts.com/xhtml/shortcode-testimonials.html]
[factory.w3itexperts.com/xhtml/shortcode-alert-box.html]
[factory.w3itexperts.com/xhtml/shortcode-icon-box.html]
[factory.w3itexperts.com/xhtml/shortcode-list-group.html]
[factory.w3itexperts.com/xhtml/shortcode-title-separators.html]
[factory.w3itexperts.com/xhtml/contact.html]
[factory.w3itexperts.com/xhtml/contact-2.html]
[factory.w3itexperts.com/xhtml/contact-3.html]
[factory.w3itexperts.com/xhtml/contact-4.html]
[s3.ap-south-1.amazonaws.com/tm-html/factory/xhtml/images/main-slider/slide1.jpg]
[s3.ap-south-1.amazonaws.com/tm-html/factory/xhtml/images/overlay/rrdiagonal-line.png]
[s3.ap-south-1.amazonaws.com/tm-html/factory/xhtml/images/main-slider/slide2.jpg]
[s3.ap-south-1.amazonaws.com/tm-html/factory/xhtml/images/img1.jpg]
[s3.ap-south-1.amazonaws.com/tm-html/factory/xhtml/images/img3.jpg]
[s3.ap-south-1.amazonaws.com/tm-html/factory/xhtml/images/img2.jpg]
[factory.w3itexperts.com/xhtml/images/background/bg1.png]
[s3.ap-south-1.amazonaws.com/tm-html/factory/xhtml/images/our-services/service/pic1.jpg]
[s3.ap-south-1.amazonaws.com/tm-html/factory/xhtml/images/our-services/service/pic2.jpg]
[s3.ap-south-1.amazonaws.com/tm-html/factory/xhtml/images/our-services/service/pic3.jpg]
[s3.ap-south-1.amazonaws.com/tm-html/factory/xhtml/images/our-services/service/pic4.jpg]
[s3.ap-south-1.amazonaws.com/tm-html/factory/xhtml/images/our-services/service/pic5.jpg]
[s3.ap-south-1.amazonaws.com/tm-html/factory/xhtml/images/our-services/service/pic6.jpg]
[s3.ap-south-1.amazonaws.com/tm-html/factory/xhtml/images/banner/bnr1.jpg]
[s3.ap-south-1.amazonaws.com/tm-html/factory/xhtml/images/service-1.png]
[s3.ap-south-1.amazonaws.com/tm-html/factory/xhtml/images/our-services/service-2/pic1.jpg]
[s3.ap-south-1.amazonaws.com/tm-html/factory/xhtml/images/our-services/service-2/pic2.jpg]
[s3.ap-south-1.amazonaws.com/tm-html/factory/xhtml/images/our-services/service-2/pic3.jpg]
[s3.ap-south-1.amazonaws.com/tm-html/factory/xhtml/images/our-services/service-2/pic4.jpg]
[s3.ap-south-1.amazonaws.com/tm-html/factory/xhtml/images/our-team/pic9.jpg]
[s3.ap-south-1.amazonaws.com/tm-html/factory/xhtml/images/our-team/pic10.jpg]
[s3.ap-south-1.amazonaws.com/tm-html/factory/xhtml/images/our-team/pic11.jpg]
[s3.ap-south-1.amazonaws.com/tm-html/factory/xhtml/images/our-team/pic12.jpg]
[s3.ap-south-1.amazonaws.com/tm-html/factory/xhtml/images/client-logo/logo/logo1.jpg]
[s3.ap-south-1.amazonaws.com/tm-html/factory/xhtml/images/client-logo/logo/logo2.jpg]
[s3.ap-south-1.amazonaws.com/tm-html/factory/xhtml/images/client-logo/logo/logo3.jpg]
[s3.ap-south-1.amazonaws.com/tm-html/factory/xhtml/images/client-logo/logo/logo4.jpg]
[s3.ap-south-1.amazonaws.com/tm-html/factory/xhtml/images/client-logo/logo/logo5.jpg]
[s3.ap-south-1.amazonaws.com/tm-html/factory/xhtml/images/testimonials/pic1.jpg]
[s3.ap-south-1.amazonaws.com/tm-html/factory/xhtml/images/testimonials/pic2.jpg]
[s3.ap-south-1.amazonaws.com/tm-html/factory/xhtml/images/gallery/pic1.jpg]
[s3.ap-south-1.amazonaws.com/tm-html/factory/xhtml/images/gallery/pic2.jpg]
[s3.ap-south-1.amazonaws.com/tm-html/factory/xhtml/images/gallery/pic3.jpg]
[s3.ap-south-1.amazonaws.com/tm-html/factory/xhtml/images/gallery/pic4.jpg]
[s3.ap-south-1.amazonaws.com/tm-html/factory/xhtml/images/gallery/pic5.jpg]
[s3.ap-south-1.amazonaws.com/tm-html/factory/xhtml/images/gallery/pic7.jpg]
[s3.ap-south-1.amazonaws.com/tm-html/factory/xhtml/images/gallery/pic6.jpg]
[s3.ap-south-1.amazonaws.com/tm-html/factory/xhtml/images/gallery/pic8.jpg]
[s3.ap-south-1.amazonaws.com/tm-html/factory/xhtml/images/gallery/pic9.jpg]
[s3.ap-south-1.amazonaws.com/tm-html/factory/xhtml/js/jquery.min.js]
[s3.ap-south-1.amazonaws.com/tm-html/factory/xhtml/plugins/bootstrap/js/popper.min.js]
[s3.ap-south-1.amazonaws.com/tm-html/factory/xhtml/plugins/bootstrap/js/bootstrap.min.js]
[s3.ap-south-1.amazonaws.com/tm-html/factory/xhtml/plugins/bootstrap-select/bootstrap-select.min.js]
[s3.ap-south-1.amazonaws.com/tm-html/factory/xhtml/plugins/bootstrap-touchspin/jquery.bootstrap-touchspin.js]
[s3.ap-south-1.amazonaws.com/tm-html/factory/xhtml/plugins/magnific-popup/magnific-popup.js]
[s3.ap-south-1.amazonaws.com/tm-html/factory/xhtml/plugins/counter/waypoints-min.js]
[s3.ap-south-1.amazonaws.com/tm-html/factory/xhtml/plugins/counter/counterup.min.js]
[s3.ap-south-1.amazonaws.com/tm-html/factory/xhtml/plugins/imagesloaded/imagesloaded.js]
[s3.ap-south-1.amazonaws.com/tm-html/factory/xhtml/plugins/masonry/masonry-3.1.4.js]
[s3.ap-south-1.amazonaws.com/tm-html/factory/xhtml/plugins/masonry/masonry.filter.js]
[s3.ap-south-1.amazonaws.com/tm-html/factory/xhtml/plugins/owl-carousel/owl.carousel.js]
[s3.ap-south-1.amazonaws.com/tm-html/factory/xhtml/js/custom.js]
[s3.ap-south-1.amazonaws.com/tm-html/factory/xhtml/js/dz.carousel.js]
[s3.ap-south-1.amazonaws.com/tm-html/factory/xhtml/plugins/switcher/js/switcher.js]
[s3.ap-south-1.amazonaws.com/tm-html/factory/xhtml/js/dz.ajax.js]
[s3.ap-south-1.amazonaws.com/tm-html/factory/xhtml/plugins/revolution/revolution/js/jquery.themepunch.tools.min.js]
[s3.ap-south-1.amazonaws.com/tm-html/factory/xhtml/plugins/revolution/revolution/js/jquery.themepunch.revolution.min.js]
[s3.ap-south-1.amazonaws.com/tm-html/factory/xhtml/plugins/revolution/revolution/js/extensions/revolution.extension.actions.min.js]
[s3.ap-south-1.amazonaws.com/tm-html/factory/xhtml/plugins/revolution/revolution/js/extensions/revolution.extension.carousel.min.js]
[s3.ap-south-1.amazonaws.com/tm-html/factory/xhtml/plugins/revolution/revolution/js/extensions/revolution.extension.kenburn.min.js]
[s3.ap-south-1.amazonaws.com/tm-html/factory/xhtml/plugins/revolution/revolution/js/extensions/revolution.extension.layeranimation.min.js]
[s3.ap-south-1.amazonaws.com/tm-html/factory/xhtml/plugins/revolution/revolution/js/extensions/revolution.extension.migration.min.js]
[s3.ap-south-1.amazonaws.com/tm-html/factory/xhtml/plugins/revolution/revolution/js/extensions/revolution.extension.navigation.min.js]
[s3.ap-south-1.amazonaws.com/tm-html/factory/xhtml/plugins/revolution/revolution/js/extensions/revolution.extension.parallax.min.js]
[s3.ap-south-1.amazonaws.com/tm-html/factory/xhtml/plugins/revolution/revolution/js/extensions/revolution.extension.slideanims.min.js]
[s3.ap-south-1.amazonaws.com/tm-html/factory/xhtml/plugins/revolution/revolution/js/extensions/revolution.extension.video.min.js]
[s3.ap-south-1.amazonaws.com/tm-html/factory/xhtml/js/rev.slider.js]
[factory.w3itexperts.com/xhtml/index.html]
[s3.ap-south-1.amazonaws.com/tm-html/factory/xhtml/css/plugins.css]
[s3.ap-south-1.amazonaws.com/tm-html/factory/xhtml/images/line.png]
[s3.ap-south-1.amazonaws.com/tm-html/factory/xhtml/css/style.css]
[s3.ap-south-1.amazonaws.com/tm-html/factory/xhtml/css/skin/skin-1.css]
[s3.ap-south-1.amazonaws.com/tm-html/factory/xhtml/css/templete.css]
[s3.ap-south-1.amazonaws.com/tm-html/factory/xhtml/plugins/revolution/revolution/css/openhand.cur]
[s3.ap-south-1.amazonaws.com/tm-html/factory/xhtml/plugins/revolution/revolution/css/closedhand.cur]
[s3.ap-south-1.amazonaws.com/tm-html/factory/xhtml/plugins/revolution/revolution/assets/gridtile.png]
[s3.ap-south-1.amazonaws.com/tm-html/factory/xhtml/plugins/revolution/revolution/assets/gridtile_white.png]
[s3.ap-south-1.amazonaws.com/tm-html/factory/xhtml/plugins/revolution/revolution/assets/gridtile_3x3.png]
[s3.ap-south-1.amazonaws.com/tm-html/factory/xhtml/plugins/revolution/revolution/assets/gridtile_3x3_white.png]
[s3.ap-south-1.amazonaws.com/tm-html/factory/xhtml/plugins/revolution/revolution/assets/coloredbg.png]
[s3.ap-south-1.amazonaws.com/tm-html/factory/xhtml/plugins/revolution/revolution/assets/loader.gif]
[s3.ap-south-1.amazonaws.com/tm-html/factory/xhtml/plugins/revolution/revolution/css/settings.css]
[s3.ap-south-1.amazonaws.com/tm-html/factory/xhtml/plugins/revolution/revolution/css/navigation.css]
[factory.w3itexperts.com/xhtml/index-2.html]
[s3.ap-south-1.amazonaws.com/tm-html/factory/xhtml/images/main-slider/slide7.jpg]
[s3.ap-south-1.amazonaws.com/tm-html/factory/xhtml/images/main-slider/slide3.jpg]
[s3.ap-south-1.amazonaws.com/tm-html/factory/xhtml/images/background/bg4.jpg]
[s3.ap-south-1.amazonaws.com/tm-html/factory/xhtml/images/our-services/service-3/pic1.jpg]
[s3.ap-south-1.amazonaws.com/tm-html/factory/xhtml/images/our-services/service-3/pic2.jpg]
[s3.ap-south-1.amazonaws.com/tm-html/factory/xhtml/images/our-services/service-3/pic3.jpg]
[s3.ap-south-1.amazonaws.com/tm-html/factory/xhtml/images/our-services/service-3/pic4.jpg]
[s3.ap-south-1.amazonaws.com/tm-html/factory/xhtml/images/background/bg5.jpg]
[s3.ap-south-1.amazonaws.com/tm-html/factory/xhtml/images/our-work/pic1.jpg]
[s3.ap-south-1.amazonaws.com/tm-html/factory/xhtml/images/our-work/pic2.jpg]
[s3.ap-south-1.amazonaws.com/tm-html/factory/xhtml/images/our-work/pic3.jpg]
[s3.ap-south-1.amazonaws.com/tm-html/factory/xhtml/images/our-work/pic4.jpg]
[s3.ap-south-1.amazonaws.com/tm-html/factory/xhtml/images/client-logo/logo1.jpg]
[s3.ap-south-1.amazonaws.com/tm-html/factory/xhtml/images/client-logo/logo2.jpg]
[s3.ap-south-1.amazonaws.com/tm-html/factory/xhtml/images/client-logo/logo3.jpg]
[s3.ap-south-1.amazonaws.com/tm-html/factory/xhtml/images/client-logo/logo4.jpg]
[factory.w3itexperts.com/xhtml/index-3.html]
[s3.ap-south-1.amazonaws.com/tm-html/factory/xhtml/images/main-slider/slide5.jpg]
[s3.ap-south-1.amazonaws.com/tm-html/factory/xhtml/images/worker.png]
[s3.ap-south-1.amazonaws.com/tm-html/factory/xhtml/images/our-work/work/pic1.jpg]
[s3.ap-south-1.amazonaws.com/tm-html/factory/xhtml/images/our-work/work/pic2.jpg]
[s3.ap-south-1.amazonaws.com/tm-html/factory/xhtml/images/our-work/work/pic3.jpg]
[s3.ap-south-1.amazonaws.com/tm-html/factory/xhtml/images/our-work/work/pic4.jpg]
[s3.ap-south-1.amazonaws.com/tm-html/factory/xhtml/images/our-work/work/pic5.jpg]
[s3.ap-south-1.amazonaws.com/tm-html/factory/xhtml/images/our-work/work/pic6.jpg]
[s3.ap-south-1.amazonaws.com/tm-html/factory/xhtml/images/our-work/work/pic7.jpg]
[s3.ap-south-1.amazonaws.com/tm-html/factory/xhtml/images/our-work/work/pic8.jpg]
[s3.ap-south-1.amazonaws.com/tm-html/factory/xhtml/images/our-services/service-4/pic1.jpg]
[s3.ap-south-1.amazonaws.com/tm-html/factory/xhtml/images/our-services/service-4/pic2.jpg]
[s3.ap-south-1.amazonaws.com/tm-html/factory/xhtml/images/our-services/service-4/pic3.jpg]
[s3.ap-south-1.amazonaws.com/tm-html/factory/xhtml/images/our-services/service-4/pic4.jpg]
[s3.ap-south-1.amazonaws.com/tm-html/factory/xhtml/images/our-services/service-4/pic5.jpg]
[s3.ap-south-1.amazonaws.com/tm-html/factory/xhtml/images/our-services/service-4/pic6.jpg]
[s3.ap-south-1.amazonaws.com/tm-html/factory/xhtml/images/background/bg6.jpg]
[s3.ap-south-1.amazonaws.com/tm-html/factory/xhtml/images/our-team/pic5.jpg]
[s3.ap-south-1.amazonaws.com/tm-html/factory/xhtml/images/our-team/pic6.jpg]
[s3.ap-south-1.amazonaws.com/tm-html/factory/xhtml/images/our-team/pic7.jpg]
[s3.ap-south-1.amazonaws.com/tm-html/factory/xhtml/images/our-team/pic8.jpg]
[s3.ap-south-1.amazonaws.com/tm-html/factory/xhtml/images/blog/latest-blog/pic1.jpg]
[s3.ap-south-1.amazonaws.com/tm-html/factory/xhtml/images/blog/latest-blog/pic2.jpg]
[s3.ap-south-1.amazonaws.com/tm-html/factory/xhtml/images/blog/latest-blog/pic3.jpg]
[s3.ap-south-1.amazonaws.com/tm-html/factory/xhtml/images/background/bg7.jpg]
[s3.ap-south-1.amazonaws.com/tm-html/factory/xhtml/images/blog/recent-blog/pic1.jpg]
[s3.ap-south-1.amazonaws.com/tm-html/factory/xhtml/images/blog/recent-blog/pic2.jpg]
[s3.ap-south-1.amazonaws.com/tm-html/factory/xhtml/images/blog/recent-blog/pic3.jpg]
[factory.w3itexperts.com/xhtml/index-4.html]
[s3.ap-south-1.amazonaws.com/tm-html/factory/xhtml/images/logo-white1.png]
[s3.ap-south-1.amazonaws.com/tm-html/factory/xhtml/images/main-slider/slide6.jpg]
[s3.ap-south-1.amazonaws.com/tm-html/factory/xhtml/images/main-slider/slide4.jpg]
[s3.ap-south-1.amazonaws.com/tm-html/factory/xhtml/images/main-slider/slide8.jpg]
[s3.ap-south-1.amazonaws.com/tm-html/factory/xhtml/images/our-services/pic1.jpg]
[s3.ap-south-1.amazonaws.com/tm-html/factory/xhtml/images/our-services/pic2.jpg]
[s3.ap-south-1.amazonaws.com/tm-html/factory/xhtml/images/our-services/pic4.jpg]
[s3.ap-south-1.amazonaws.com/tm-html/factory/xhtml/images/background/bg1.jpg]
[s3.ap-south-1.amazonaws.com/tm-html/factory/xhtml/images/our-work/pic5.jpg]
[s3.ap-south-1.amazonaws.com/tm-html/factory/xhtml/images/our-work/pic6.jpg]
[s3.ap-south-1.amazonaws.com/tm-html/factory/xhtml/images/our-work/pic7.jpg]
[s3.ap-south-1.amazonaws.com/tm-html/factory/xhtml/images/our-work/pic8.jpg]
[s3.ap-south-1.amazonaws.com/tm-html/factory/xhtml/images/our-team/pic1.jpg]
[s3.ap-south-1.amazonaws.com/tm-html/factory/xhtml/images/our-team/pic2.jpg]
[s3.ap-south-1.amazonaws.com/tm-html/factory/xhtml/images/our-team/pic3.jpg]
[s3.ap-south-1.amazonaws.com/tm-html/factory/xhtml/images/our-team/pic4.jpg]
[s3.ap-south-1.amazonaws.com/tm-html/factory/xhtml/images/background/bg2.jpg]
[s3.ap-south-1.amazonaws.com/tm-html/factory/xhtml/images/testimonials/pic3.jpg]
[factory.w3itexperts.com/xhtml/index-5.html]
[s3.ap-south-1.amazonaws.com/tm-html/factory/xhtml/images/logo-white.png]
[factory.w3itexperts.com/xhtml/index-6.html]
[s3.ap-south-1.amazonaws.com/tm-html/factory/xhtml/images/logo2.png]
[s3.ap-south-1.amazonaws.com/tm-html/factory/xhtml/images/main-slider/slide9.jpg]
[s3.ap-south-1.amazonaws.com/tm-html/factory/xhtml/images/main-slider/slide10.jpg]
[s3.ap-south-1.amazonaws.com/tm-html/factory/xhtml/images/our-services/service-5/pic3.jpg]
[s3.ap-south-1.amazonaws.com/tm-html/factory/xhtml/images/our-services/service-5/pic2.jpg]
[s3.ap-south-1.amazonaws.com/tm-html/factory/xhtml/images/our-services/service-5/pic4.jpg]
[s3.ap-south-1.amazonaws.com/tm-html/factory/xhtml/images/worker-2.png]
[factory.w3itexperts.com/xhtml/index-7.html]
[s3.ap-south-1.amazonaws.com/tm-html/factory/xhtml/images/service-image.png]
[factory.w3itexperts.com/xhtml/header-style-1.html]
[factory.w3itexperts.com/xhtml/header-style-2.html]
[factory.w3itexperts.com/xhtml/header-style-3.html]
[factory.w3itexperts.com/xhtml/header-style-4.html]
[s3.ap-south-1.amazonaws.com/tm-html/factory/xhtml/images/background/bg3.jpg]
[factory.w3itexperts.com/xhtml/header-style-5.html]
[factory.w3itexperts.com/xhtml/header-style-6.html]
[factory.w3itexperts.com/xhtml/header-style-1-dark.html]
[factory.w3itexperts.com/xhtml/header-style-2-dark.html]
[factory.w3itexperts.com/xhtml/header-style-3-dark.html]
[factory.w3itexperts.com/xhtml/header-style-4-dark.html]
[factory.w3itexperts.com/xhtml/header-style-5-dark.html]
[factory.w3itexperts.com/xhtml/header-style-6-dark.html]
[factory.w3itexperts.com/xhtml/footer-1.html]
[factory.w3itexperts.com/xhtml/footer-2.html]
[factory.w3itexperts.com/xhtml/footer-3.html]
[factory.w3itexperts.com/xhtml/images/background/bg1.jpg]
[factory.w3itexperts.com/xhtml/footer-4.html]
[factory.w3itexperts.com/xhtml/footer-5.html]
[factory.w3itexperts.com/xhtml/footer-6.html]
[factory.w3itexperts.com/xhtml/footer-7.html]
[s3.ap-south-1.amazonaws.com/tm-html/factory/xhtml/images/footer-logo.png]
[factory.w3itexperts.com/xhtml/footer-8.html]
[factory.w3itexperts.com/xhtml/footer-9.html]
[factory.w3itexperts.com/xhtml/footer-10.html]
[factory.w3itexperts.com/xhtml/about-1.html]
[factory.w3itexperts.com/xhtml/about-2.html]
[factory.w3itexperts.com/xhtml/faq-1.html]
[factory.w3itexperts.com/xhtml/faq-2.html]
[factory.w3itexperts.com/xhtml/services-1.html]
[s3.ap-south-1.amazonaws.com/tm-html/factory/xhtml/images/machine.jpg]
[factory.w3itexperts.com/xhtml/services-2.html]
[factory.w3itexperts.com/xhtml/services-3.html]
[factory.w3itexperts.com/xhtml/portfolio-1.html]
[factory.w3itexperts.com/xhtml/portfolio-2.html]
[factory.w3itexperts.com/xhtml/portfolio-3.html]
[factory.w3itexperts.com/xhtml/portfolio-details.html]
[s3.ap-south-1.amazonaws.com/tm-html/factory/xhtml/images/gallery/img3.jpg]
[s3.ap-south-1.amazonaws.com/tm-html/factory/xhtml/images/gallery/img1.jpg]
[s3.ap-south-1.amazonaws.com/tm-html/factory/xhtml/images/gallery/img5.jpg]
[s3.ap-south-1.amazonaws.com/tm-html/factory/xhtml/images/gallery/img4.jpg]
[s3.ap-south-1.amazonaws.com/tm-html/factory/xhtml/images/gallery/img2.jpg]
[factory.w3itexperts.com/xhtml/full-page-gallery-dark.html]
[factory.w3itexperts.com/xhtml/full-page-gallery-light.html]
[factory.w3itexperts.com/xhtml/gallery-grid-2.html]
[factory.w3itexperts.com/xhtml/gallery-grid-3.html]
[factory.w3itexperts.com/xhtml/gallery-grid-4.html]
[factory.w3itexperts.com/xhtml/error-403.html]
[factory.w3itexperts.com/xhtml/error-404.html]
[factory.w3itexperts.com/xhtml/error-405.html]
[s3.ap-south-1.amazonaws.com/tm-html/factory/xhtml/images/logo-light2.png]
[factory.w3itexperts.com/xhtml/video.118.delayed]
[s3.ap-south-1.amazonaws.com/tm-html/factory/xhtml/plugins/countdown/jquery.countdown.js]
[s3.ap-south-1.amazonaws.com/tm-html/factory/xhtml/plugins/scroll/scrollbar.min.js]
[www.google.com/recaptcha/api.js]
[s3.ap-south-1.amazonaws.com/tm-html/factory/xhtml/js/coming-soon.js]
[factory.w3itexperts.com/xhtml/coming-soon-1.html]
[s3.ap-south-1.amazonaws.com/tm-html/factory/xhtml/images/background/bg8.jpg]
[factory.w3itexperts.com/xhtml/coming-soon-2.html]
[factory.w3itexperts.com/xhtml/login-1.html]
[factory.w3itexperts.com/xhtml/login-2.html]
[factory.w3itexperts.com/xhtml/career.html]
[factory.w3itexperts.com/xhtml/who-we-are.html]
[factory.w3itexperts.com/xhtml/help.html]
[factory.w3itexperts.com/xhtml/privacy-policy.html]
[s3.ap-south-1.amazonaws.com/tm-html/factory/xhtml/images/product/img1.jpg]
[s3.ap-south-1.amazonaws.com/tm-html/factory/xhtml/images/product/img2.jpg]
[s3.ap-south-1.amazonaws.com/tm-html/factory/xhtml/images/product/img3.jpg]
[s3.ap-south-1.amazonaws.com/tm-html/factory/xhtml/images/product/img4.jpg]
[s3.ap-south-1.amazonaws.com/tm-html/factory/xhtml/images/product/img5.jpg]
[s3.ap-south-1.amazonaws.com/tm-html/factory/xhtml/images/product/img6.jpg]
[s3.ap-south-1.amazonaws.com/tm-html/factory/xhtml/images/product/img7.jpg]
[s3.ap-south-1.amazonaws.com/tm-html/factory/xhtml/images/product/img8.jpg]
[factory.w3itexperts.com/xhtml/product.html]
[s3.ap-south-1.amazonaws.com/tm-html/factory/xhtml/images/product/img9.jpg]
[s3.ap-south-1.amazonaws.com/tm-html/factory/xhtml/js/jquery.star-rating-svg.js]
[factory.w3itexperts.com/xhtml/product-details.html]
[s3.ap-south-1.amazonaws.com/tm-html/factory/xhtml/images/blog/grid/pic1.jpg]
[s3.ap-south-1.amazonaws.com/tm-html/factory/xhtml/images/blog/grid/pic2.jpg]
[s3.ap-south-1.amazonaws.com/tm-html/factory/xhtml/images/blog/grid/pic3.jpg]
[s3.ap-south-1.amazonaws.com/tm-html/factory/xhtml/images/blog/grid/pic4.jpg]
[factory.w3itexperts.com/xhtml/blog-half-img.html]
[factory.w3itexperts.com/xhtml/blog-half-img-sidebar.html]
[factory.w3itexperts.com/xhtml/blog-half-img-left-sidebar.html]
[s3.ap-south-1.amazonaws.com/tm-html/factory/xhtml/images/blog/default/thum1.jpg]
[s3.ap-south-1.amazonaws.com/tm-html/factory/xhtml/images/blog/default/thum2.jpg]
[s3.ap-south-1.amazonaws.com/tm-html/factory/xhtml/images/blog/default/thum3.jpg]
[s3.ap-south-1.amazonaws.com/tm-html/factory/xhtml/images/blog/default/thum4.jpg]
[factory.w3itexperts.com/xhtml/blog-large-img.html]
[factory.w3itexperts.com/xhtml/blog-large-img-sidebar.html]
[factory.w3itexperts.com/xhtml/blog-large-img-left-sidebar.html]
[factory.w3itexperts.com/xhtml/blog-grid-2.html]
[factory.w3itexperts.com/xhtml/blog-grid-2-sidebar.html]
[factory.w3itexperts.com/xhtml/blog-grid-2-sidebar-left.html]
[factory.w3itexperts.com/xhtml/blog-grid-3.html]
[factory.w3itexperts.com/xhtml/blog-grid-3-sidebar.html]
[factory.w3itexperts.com/xhtml/blog-grid-3-sidebar-left.html]
[factory.w3itexperts.com/xhtml/blog-grid-4.html]
[factory.w3itexperts.com/xhtml/blog-single.html]
[factory.w3itexperts.com/xhtml/blog-single-sidebar.html]
[factory.w3itexperts.com/xhtml/blog-single-left-sidebar.html]
[factory.w3itexperts.com/xhtml/blog-full-grid-dark-style-1.html]
[s3.ap-south-1.amazonaws.com/tm-html/factory/xhtml/images/ads/img1.jpg]
[factory.w3itexperts.com/xhtml/blog-full-grid-dark-style-2.html]
[factory.w3itexperts.com/xhtml/blog-full-grid-dark-style-3.html]
[factory.w3itexperts.com/xhtml/blog-full-grid-light-style-1.html]
[factory.w3itexperts.com/xhtml/blog-full-grid-light-style-2.html]
[factory.w3itexperts.com/xhtml/blog-full-grid-light-style-3.html]
[factory.w3itexperts.com/xhtml/shortcode-buttons.html]
[factory.w3itexperts.com/xhtml/shortcode-icon-box-styles.html]
[factory.w3itexperts.com/xhtml/shortcode-pricing-table.html]
[factory.w3itexperts.com/xhtml/shortcode-toggles.html]
[factory.w3itexperts.com/xhtml/shortcode-team.html]
[factory.w3itexperts.com/xhtml/shortcode-carousel-sliders.html]
[factory.w3itexperts.com/xhtml/shortcode-image-box-content.html]
[factory.w3itexperts.com/xhtml/shortcode-tabs.html]
[factory.w3itexperts.com/xhtml/shortcode-counters.html]
[factory.w3itexperts.com/xhtml/shortcode-all-widgets.html]
[factory.w3itexperts.com/xhtml/shortcode-accordians.html]
[factory.w3itexperts.com/xhtml/shortcode-dividers.html]
[factory.w3itexperts.com/xhtml/shortcode-images-effects.html]
[factory.w3itexperts.com/xhtml/shortcode-testimonials.html]
[factory.w3itexperts.com/xhtml/shortcode-alert-box.html]
[factory.w3itexperts.com/xhtml/shortcode-icon-box.html]
[factory.w3itexperts.com/xhtml/shortcode-list-group.html]
[factory.w3itexperts.com/xhtml/shortcode-title-separators.html]
[factory.w3itexperts.com/xhtml/contact.html]
[factory.w3itexperts.com/xhtml/contact-2.html]
[factory.w3itexperts.com/xhtml/contact-3.html]
[factory.w3itexperts.com/xhtml/contact-4.html]
[s3.ap-south-1.amazonaws.com/tm-html/factory/xhtml/plugins/bootstrap/css/bootstrap.min.css]
[s3.ap-south-1.amazonaws.com/tm-html/factory/xhtml/plugins/fontawesome/css/font-awesome.min.css]
[s3.ap-south-1.amazonaws.com/tm-html/factory/xhtml/plugins/flaticon/flaticon.css]
[s3.ap-south-1.amazonaws.com/tm-html/factory/xhtml/plugins/themify/fonts/themify9f24.eot]
[s3.ap-south-1.amazonaws.com/tm-html/factory/xhtml/plugins/themify/fonts/themifyd41d.eot]
[s3.ap-south-1.amazonaws.com/tm-html/factory/xhtml/plugins/themify/fonts/themify9f24.woff]
[s3.ap-south-1.amazonaws.com/tm-html/factory/xhtml/plugins/themify/fonts/themify9f24.ttf]
[s3.ap-south-1.amazonaws.com/tm-html/factory/xhtml/plugins/themify/themify-icons.css]
[s3.ap-south-1.amazonaws.com/tm-html/factory/xhtml/plugins/owl-carousel/owl.carousel.css]
[s3.ap-south-1.amazonaws.com/tm-html/factory/xhtml/plugins/bootstrap-select/bootstrap-select.min.css]
[s3.ap-south-1.amazonaws.com/tm-html/factory/xhtml/plugins/magnific-popup/magnific-popup.css]
[s3.ap-south-1.amazonaws.com/tm-html/factory/xhtml/plugins/scroll/scrollbar.css]
[s3.ap-south-1.amazonaws.com/tm-html/factory/xhtml/plugins/switcher/css/switcher.css]
[s3.ap-south-1.amazonaws.com/tm-html/factory/xhtml/css/inc/images/loading.GIF]
[s3.ap-south-1.amazonaws.com/tm-html/factory/xhtml/css/skin/skin-2.css]
[s3.ap-south-1.amazonaws.com/tm-html/factory/xhtml/css/coming-soon.css]
[s3.ap-south-1.amazonaws.com/tm-html/factory/xhtml/js/switcher.js]
[s3.ap-south-1.amazonaws.com/tm-html/factory/xhtml/css/star-rating-svg.css]
[s3.ap-south-1.amazonaws.com/tm-html/factory/xhtml/plugins/themify/fonts/themify9f24.svg]
[s3.ap-south-1.amazonaws.com/tm-html/factory/xhtml/plugins/owl-carousel/owl.video.play.png]
[file/C_/Users/admin/Documents/inc/images/pattern/pattern1.jpg]
